pricila coppa@pricilacoppa-PC MINGW64 ~/Pictures/Documents/git-novo repositorio/desafio-Git-Github---primeiro-repositorio (main)
$ git status
On branch main
Your branch is up to date with 'origin/main'.

nothing to commit, working tree clean

pricila coppa@pricilacoppa-PC MINGW64 ~/Pictures/Documents/git-novo repositorio/desafio-Git-Github---primeiro-repositorio (main)
$ git status
On branch main
Your branch is up to date with 'origin/main'.

Untracked files:
  (use "git add <file>..." to include in what will be committed)
        "introduc\303\243o git github/"

nothing added to commit but untracked files present (use "git add" to track)

pricila coppa@pricilacoppa-PC MINGW64 ~/Pictures/Documents/git-novo repositorio/desafio-Git-Github---primeiro-repositorio (main)
$ git add .

pricila coppa@pricilacoppa-PC MINGW64 ~/Pictures/Documents/git-novo repositorio/desafio-Git-Github---primeiro-repositorio (main)
$ git status
On branch main
Your branch is up to date with 'origin/main'.

Changes to be committed:
  (use "git restore --staged <file>..." to unstage)
        new file:   "introduc\303\243o git github/Novo Documento de Texto.txt"


pricila coppa@pricilacoppa-PC MINGW64 ~/Pictures/Documents/git-novo repositorio/desafio-Git-Github---primeiro-repositorio (main)
$ git commit -m " inclusão das anotações do curso introdução ao git/github"
[main f4fa081]  inclusão das anotações do curso introdução ao git/github
 1 file changed, 46 insertions(+)
 create mode 100644 "introduc\303\243o git github/Novo Documento de Texto.txt"

pricila coppa@pricilacoppa-PC MINGW64 ~/Pictures/Documents/git-novo repositorio/desafio-Git-Github---primeiro-repositorio (main)
$ gitstatus
bash: gitstatus: command not found

pricila coppa@pricilacoppa-PC MINGW64 ~/Pictures/Documents/git-novo repositorio/desafio-Git-Github---primeiro-repositorio (main)
$ git status
On branch main
Your branch is ahead of 'origin/main' by 1 commit.
  (use "git push" to publish your local commits)

nothing to commit, working tree clean

pricila coppa@pricilacoppa-PC MINGW64 ~/Pictures/Documents/git-novo repositorio/desafio-Git-Github---primeiro-repositorio (main)
$ git push origin main
Enumerating objects: 5, done.
Counting objects: 100% (5/5), done.
Delta compression using up to 2 threads
Compressing objects: 100% (4/4), done.
Writing objects: 100% (4/4), 905 bytes | 181.00 KiB/s, done.
Total 4 (delta 0), reused 0 (delta 0), pack-reused 0
To https://github.com/Edinaldo9/desafio-Git-Github---primeiro-repositorio.git
   069875d..f4fa081  main -> main

pricila coppa@pricilacoppa-PC MINGW64 ~/Pictures/Documents/git-novo repositorio/desafio-Git-Github---primeiro-repositorio (main)
$ git status
On branch main
Your branch is up to date with 'origin/main'.

Changes not staged for commit:
  (use "git add/rm <file>..." to update what will be committed)
  (use "git restore <file>..." to discard changes in working directory)
        deleted:    "introduc\303\243o git github/Novo Documento de Texto.txt"

Untracked files:
  (use "git add <file>..." to include in what will be committed)
        "introduc\303\243o git github/introducao git .txt"
        "introduc\303\243o git github/passo a passo do git para a nuvem.txt"

no changes added to commit (use "git add" and/or "git commit -a")

pricila coppa@pricilacoppa-PC MINGW64 ~/Pictures/Documents/git-novo repositorio/desafio-Git-Github---primeiro-repositorio (main)
$ git add .

pricila coppa@pricilacoppa-PC MINGW64 ~/Pictures/Documents/git-novo repositorio/desafio-Git-Github---primeiro-repositorio (main)
$ git status
On branch main
Your branch is up to date with 'origin/main'.

Changes to be committed:
  (use "git restore --staged <file>..." to unstage)
        renamed:    "introduc\303\243o git github/Novo Documento de Texto.txt" -> "introduc\303\243o git github/introducao git .txt"
        new file:   "introduc\303\243o git github/passo a passo do git para a nuvem.txt"


pricila coppa@pricilacoppa-PC MINGW64 ~/Pictures/Documents/git-novo repositorio/desafio-Git-Github---primeiro-repositorio (main)
$ git commit -m " introdução da pasta passo a passo do git para a nuven"
[main d51b2f5]  introdução da pasta passo a passo do git para a nuven
 2 files changed, 0 insertions(+), 0 deletions(-)
 rename "introduc\303\243o git github/Novo Documento de Texto.txt" => "introduc\303\243o git github/introducao git .txt" (100%)
 create mode 100644 "introduc\303\243o git github/passo a passo do git para a nuvem.txt"

pricila coppa@pricilacoppa-PC MINGW64 ~/Pictures/Documents/git-novo repositorio/desafio-Git-Github---primeiro-repositorio (main)
$ git status
On branch main
Your branch is ahead of 'origin/main' by 1 commit.
  (use "git push" to publish your local commits)

nothing to commit, working tree clean

pricila coppa@pricilacoppa-PC MINGW64 ~/Pictures/Documents/git-novo repositorio/desafio-Git-Github---primeiro-repositorio (main)
$ git push origin main
Enumerating objects: 6, done.
Counting objects: 100% (6/6), done.
Delta compression using up to 2 threads
Compressing objects: 100% (3/3), done.
Writing objects: 100% (4/4), 433 bytes | 144.00 KiB/s, done.
Total 4 (delta 0), reused 0 (delta 0), pack-reused 0
To https://github.com/Edinaldo9/desafio-Git-Github---primeiro-repositorio.git
   f4fa081..d51b2f5  main -> main

pricila coppa@pricilacoppa-PC MINGW64 ~/Pictures/Documents/git-novo repositorio/desafio-Git-Github---primeiro-repositorio (main)
$ git status
On branch main
Your branch is up to date with 'origin/main'.

nothing to commit, working tree clean

pricila coppa@pricilacoppa-PC MINGW64 ~/Pictures/Documents/git-novo repositorio/desafio-Git-Github---primeiro-repositorio (main)
$
